// Jest Snapshot v1, https://goo.gl/fbAQLP

exports[`it renders 1`] = `
<PageLayout>
  <SEO
    description="Learn how to program smart contracts."
    keywords={
      Array [
        "smart contract",
        "solidity",
        "ethereum",
      ]
    }
    lang="en"
    meta={Array []}
    title="Smart Contract Programmer"
  />
  <Segment
    inverted={true}
    style={
      Object {
        "backgroundColor": "#20232a",
        "minHeight": 150,
        "padding": "2em 0em",
      }
    }
    textAlign="center"
    vertical={true}
  >
    <Container
      text={true}
    >
      <div
        style={
          Object {
            "display": "flex",
            "flexDirection": "row",
            "justifyContent": "center",
          }
        }
      >
        <Image
          alt="logo"
          as="img"
          src="logo.svg"
          style={
            Object {
              "height": 250,
            }
          }
          ui={true}
        />
      </div>
      <Header
        as="h1"
        content="Smart Contract Programming"
        inverted={true}
        style={
          Object {
            "fontSize": "2.5em",
            "marginBottom": 0,
            "marginTop": 0,
          }
        }
      />
      <p>
        a blog for developers about smart contracts
      </p>
    </Container>
  </Segment>
  <div
    className="main"
  >
    <div
      className="posts"
    >
      <div
        className="row"
        key="0"
      >
        <div
          className="post"
          key="0"
        >
          <Post
            createdAt="2019-12-07"
            thumbnailUrl="https://i.ytimg.com/vi/hzxdGvcsDvU/hqdefault.jpg?sqp=-oaymwEZCNACELwBSFXyq4qpAwsIARUAAIhCGAFwAQ==&rs=AOn4CLCOTTmKP0noS7RPRHiBz9trPRFwEw"
            title="Learn Solidity - Loop"
            youTubeUrl="https://www.youtube.com/watch?v=hzxdGvcsDvU"
          />
        </div>
        <div
          className="post"
          key="1"
        >
          <Post
            createdAt="2019-12-01"
            thumbnailUrl="https://i.ytimg.com/vi/k4mdv97up5M/hqdefault.jpg?sqp=-oaymwEZCNACELwBSFXyq4qpAwsIARUAAIhCGAFwAQ==&rs=AOn4CLCCuy97YgJvXzihSTt4jwpAHM-dFQ"
            title="Learn Solidity - Error"
            youTubeUrl="https://www.youtube.com/watch?v=k4mdv97up5M"
          />
        </div>
        <div
          className="post"
          key="2"
        >
          <Post
            createdAt="2019-11-25"
            thumbnailUrl="https://i.ytimg.com/vi/BduMOagAuKs/hqdefault.jpg?sqp=-oaymwEZCNACELwBSFXyq4qpAwsIARUAAIhCGAFwAQ==&rs=AOn4CLBQV4qUgy6AHOR5GZYnuJxt-tM6aQ"
            title="Learn Solidity - Events"
            youTubeUrl="https://www.youtube.com/watch?v=BduMOagAuKs"
          />
        </div>
      </div>
      <div
        className="row"
        key="1"
      >
        <div
          className="post"
          key="0"
        >
          <Post
            createdAt="2019-11-15"
            thumbnailUrl="https://i.ytimg.com/vi/NBzQVJ6OrrQ/hqdefault.jpg?sqp=-oaymwEZCNACELwBSFXyq4qpAwsIARUAAIhCGAFwAQ==&rs=AOn4CLAHT2JRAbMuSeLilA2TVeepyfuzcg"
            title="Learn Solidity - Visibility"
            youTubeUrl="https://www.youtube.com/watch?v=NBzQVJ6OrrQ&t=2s"
          />
        </div>
        <div
          className="post"
          key="1"
        >
          <Post
            createdAt="2019-11-08"
            thumbnailUrl="https://i.ytimg.com/vi/dcNpIOhTNQg/hqdefault.jpg?sqp=-oaymwEZCPYBEIoBSFXyq4qpAwsIARUAAIhCGAFwAQ==&rs=AOn4CLCjHeYDhI4TvPhI8TnnKFJN4sJOpA"
            title="Learn Solidity - Inheritance (part 3)"
            youTubeUrl="https://www.youtube.com/watch?v=dcNpIOhTNQg"
          />
        </div>
        <div
          className="post"
          key="2"
        >
          <Post
            createdAt="2019-11-04"
            thumbnailUrl="https://i.ytimg.com/vi/Q5_Gmm_IZSI/hqdefault.jpg?sqp=-oaymwEZCPYBEIoBSFXyq4qpAwsIARUAAIhCGAFwAQ==&rs=AOn4CLCjGnK1kE6_65BGCnXFzYL10ES4Bg"
            title="Learn Solidity - Inheritance (part 2)"
            youTubeUrl="https://www.youtube.com/watch?v=Q5_Gmm_IZSI"
          />
        </div>
      </div>
      <div
        className="row"
        key="2"
      >
        <div
          className="post"
          key="0"
        >
          <Post
            createdAt="2019-10-30"
            thumbnailUrl="https://i.ytimg.com/vi/GnztHR8-1o8/hqdefault.jpg?sqp=-oaymwEZCPYBEIoBSFXyq4qpAwsIARUAAIhCGAFwAQ==&rs=AOn4CLBQeYOr7TI-FFZDyz06dhADsv7JXQ"
            title="Learn Solidity - Inheritance (part 1)"
            youTubeUrl="https://www.youtube.com/watch?v=GnztHR8-1o8"
          />
        </div>
        <div
          className="post"
          key="1"
        >
          <Post
            createdAt="2019-10-24"
            thumbnailUrl="https://i.ytimg.com/vi/HpjZZ9tASGs/hqdefault.jpg?sqp=-oaymwEZCPYBEIoBSFXyq4qpAwsIARUAAIhCGAFwAQ==&rs=AOn4CLBmmxQO823nu0rRRnQNg9IAglG4cw"
            title="Learn Solidity - Constructor"
            youTubeUrl="https://www.youtube.com/watch?v=HpjZZ9tASGs"
          />
        </div>
        <div
          className="post"
          key="2"
        >
          <Post
            createdAt="2019-10-20"
            thumbnailUrl="https://i.ytimg.com/vi/thADMg9cKPM/hqdefault.jpg?sqp=-oaymwEZCPYBEIoBSFXyq4qpAwsIARUAAIhCGAFwAQ==&rs=AOn4CLDZkbd-AkQwPSSQ7rIejxHSJhzU7g"
            title="Learn Solidity - Function Modifiers"
            youTubeUrl="https://www.youtube.com/watch?v=thADMg9cKPM"
          />
        </div>
      </div>
      <div
        className="row"
        key="3"
      >
        <div
          className="post"
          key="0"
        >
          <Post
            createdAt="2019-10-12"
            thumbnailUrl="https://i.ytimg.com/vi/xknoxALAL8c/hqdefault.jpg?sqp=-oaymwEZCPYBEIoBSFXyq4qpAwsIARUAAIhCGAFwAQ==&rs=AOn4CLChZTh-2zMGnYu_pF0AD5XREgaB8w"
            title="Learn Solidity - View and Pure Functions"
            youTubeUrl="https://www.youtube.com/watch?v=xknoxALAL8c"
          />
        </div>
        <div
          className="post"
          key="1"
        >
          <Post
            createdAt="2019-10-06"
            thumbnailUrl="https://i.ytimg.com/vi/71cmPaD_AnQ/hqdefault.jpg?sqp=-oaymwEZCPYBEIoBSFXyq4qpAwsIARUAAIhCGAFwAQ==&rs=AOn4CLCcIoVXOmZYekcdlbijNKfCD7KLoA"
            title="Learn Solidity - Functions"
            youTubeUrl="https://www.youtube.com/watch?v=71cmPaD_AnQ"
          />
        </div>
        <div
          className="post"
          key="2"
        >
          <Post
            createdAt="2019-09-30"
            thumbnailUrl="https://i.ytimg.com/vi/oTS9uxU6cAM/hqdefault.jpg?sqp=-oaymwEZCPYBEIoBSFXyq4qpAwsIARUAAIhCGAFwAQ==&rs=AOn4CLBFNU6ibn-6fR2RUzTKjSSowdAAoA"
            title="Learn Solidity - Gas and Gas Price"
            youTubeUrl="https://www.youtube.com/watch?v=oTS9uxU6cAM"
          />
        </div>
      </div>
      <div
        className="row"
        key="4"
      >
        <div
          className="post"
          key="0"
        >
          <Post
            createdAt="2019-09-21"
            thumbnailUrl="https://i.ytimg.com/vi/ybPQsjssyNw/hqdefault.jpg?sqp=-oaymwEZCPYBEIoBSFXyq4qpAwsIARUAAIhCGAFwAQ==&rs=AOn4CLBS8cUaXPkG9N9EJWSwHCchOI-NNQ"
            title="Learn Solidity - Ether and Wei"
            youTubeUrl="https://www.youtube.com/watch?v=ybPQsjssyNw"
          />
        </div>
        <div
          className="post"
          key="1"
        >
          <Post
            createdAt="2019-09-15"
            thumbnailUrl="https://i.ytimg.com/vi/4XQsHBJScEk/hqdefault.jpg?sqp=-oaymwEZCPYBEIoBSFXyq4qpAwsIARUAAIhCGAFwAQ==&rs=AOn4CLCSidkVzqzY9matqnVSmYJZNO8IAA"
            title="Learn Solidity - State Variables"
            youTubeUrl="https://www.youtube.com/watch?v=4XQsHBJScEk&t=5s"
          />
        </div>
        <div
          className="post"
          key="2"
        >
          <Post
            createdAt="2019-08-20"
            thumbnailUrl="https://i.ytimg.com/vi/hMwdd664_iw/hqdefault.jpg?sqp=-oaymwEZCPYBEIoBSFXyq4qpAwsIARUAAIhCGAFwAQ==&rs=AOn4CLDZXbU3wGs1vpsnWX06BEHw9TookQ"
            title="Learn Solidity - Hello World"
            youTubeUrl="https://www.youtube.com/watch?v=hMwdd664_iw"
          />
        </div>
      </div>
    </div>
  </div>
</PageLayout>
`;
