// Jest Snapshot v1, https://goo.gl/fbAQLP

exports[`it renders 1`] = `
<Layout>
  <SEO
    description="Learn how to program smart contracts."
    keywords={
      Array [
        "smart contract",
        "solidity",
        "ethereum",
      ]
    }
    lang="en"
    meta={Array []}
    title="Smart Contract Programmer"
  />
  <Segment
    inverted={true}
    style={
      Object {
        "minHeight": 150,
        "padding": "1em 0em",
      }
    }
    textAlign="center"
    vertical={true}
  >
    <Container
      text={true}
    >
      <Header
        as="h1"
        content="Learn Smart Contract Programming"
        inverted={true}
        style={
          Object {
            "fontSize": "2.5em",
            "marginBottom": 0,
            "marginTop": "1.0em",
          }
        }
      />
      <p>
        a blog for developers about smart contracts
      </p>
    </Container>
  </Segment>
</Layout>
`;
