// Jest Snapshot v1, https://goo.gl/fbAQLP

exports[`it renders 1`] = `
<PageLayout>
  <SEO
    description="Learn how to program smart contracts."
    keywords={
      Array [
        "smart contract",
        "solidity",
        "ethereum",
      ]
    }
    lang="en"
    meta={Array []}
    title="About | Smart Contract Programmer"
  />
  <MainLayout>
    <div
      className="Component"
    >
      <Image
        alt="profile"
        as="img"
        circular={true}
        fluid={true}
        src="profile.jpeg"
        style={
          Object {
            "height": 150,
            "width": 150,
          }
        }
        ui={true}
      />
      <h1
        className="header"
      >
        Tasuku Nakamura
      </h1>
      <div
        className="links"
      >
        <a
          href="https://www.youtube.com/channel/UCJWh7F3AFyQ_x01VKzr9eyA"
          rel="noopener noreferrer"
          target="__blank"
        >
          <Icon
            as="i"
            color="red"
            name="youtube"
            size="huge"
          />
        </a>
        <a
          href="https://twitter.com/ProgrammerSmart"
          rel="noopener noreferrer"
          target="__blank"
        >
          <Icon
            as="i"
            color="blue"
            name="twitter"
            size="huge"
          />
        </a>
        <a
          href="https://github.com/t4sk"
          rel="noopener noreferrer"
          target="__blank"
        >
          <Icon
            as="i"
            color="black"
            name="github"
            size="huge"
          />
        </a>
      </div>
      <p
        className="intro"
      >
        Hi, I am a software engineer living in Japan, specializing in smart contracts. 
        <br />
        You can contact me at
         
        <span
          className="email"
        >
          contact@smartcontractprogrammer.com
        </span>
      </p>
    </div>
  </MainLayout>
</PageLayout>
`;
