// Jest Snapshot v1, https://goo.gl/fbAQLP

exports[`it renders 1`] = `
<div
  className="Footer"
>
  <Image
    as="img"
    src="creative-commons-logo.svg"
    style={
      Object {
        "height": 20,
        "margin": 10,
      }
    }
    ui={true}
  />
  <div>
    <a
      href="https://creativecommons.org/licenses/by-sa/3.0/deed.en"
      target="__blank"
    >
      Creative Commons CC BY-SA 3.0
    </a>
  </div>
</div>
`;
