// Jest Snapshot v1, https://goo.gl/fbAQLP

exports[`it renders 1`] = `
<footer
  className="Footer"
>
  <Container>
    <div
      className="Footer-row"
    >
      <a
        className="Footer-github"
        href="https://github.com/t4sk"
        rel="noopener noreferrer"
        target="_blank"
      >
        <img
          alt="GitHub"
          src="GitHubSVG.svg"
        />
        <span
          className="Footer-github-text"
        >
          GitHub
        </span>
      </a>
    </div>
  </Container>
</footer>
`;
