// Jest Snapshot v1, https://goo.gl/fbAQLP

exports[`it renders 1`] = `
<Menu
  borderless={true}
  fixed="top"
  fluid={true}
  inverted={true}
  size="large"
  style={Object {}}
>
  <Container>
    <MenuItem
      as="a"
      header={true}
      href="/"
      style={
        Object {
          "padding": 0,
          "paddingRight": 15,
        }
      }
    >
      <Image
        alt="logo"
        as="img"
        src="logo.svg"
        style={
          Object {
            "backgroundColor": "#1b1c1d",
            "borderRadius": 4,
            "height": 48,
            "margin": 5,
          }
        }
        ui={true}
      />
      Smart Contract Programmer
    </MenuItem>
    <MenuMenu
      position="right"
    />
  </Container>
</Menu>
`;
