// Jest Snapshot v1, https://goo.gl/fbAQLP

exports[`it renders 1`] = `
<div
  className="component"
>
  <div
    className="sideNav"
  >
    <div
      key="Solidity Contract"
    >
      <a
        className="overviewLink"
        href="http://localhost:3000"
      >
        <Icon
          as="i"
          name="chevron left"
        />
        <div>
          Coarse Overview
        </div>
      </a>
      <Divider />
      <h2>
        Solidity Contract
      </h2>
      <List
        divided={true}
        relaxed={true}
        selection={true}
      >
        <ListItem
          active={false}
          key="0"
        >
          <ListIcon
            color="red"
            name="youtube"
            size="large"
            verticalAlign="middle"
          />
          <ListContent>
            <ListHeader
              as="a"
              href="http://localhost:3000/00-overview"
            >
              Intro
            </ListHeader>
          </ListContent>
        </ListItem>
        <ListItem
          active={false}
          key="1"
        >
          <ListIcon
            color="black"
            name="code"
            size="large"
            verticalAlign="middle"
          />
          <ListContent>
            <ListHeader
              as="a"
              href="http://localhost:3000/01-constructor"
            >
              Constructor
            </ListHeader>
            <ListDescription>
              Exercise
            </ListDescription>
          </ListContent>
        </ListItem>
        <ListItem
          active={false}
          key="2"
        >
          <ListIcon
            color="black"
            name="github"
            size="large"
            verticalAlign="middle"
          />
          <ListContent>
            <ListHeader
              as="a"
              href="http://localhost:3000/"
            >
              Code
            </ListHeader>
          </ListContent>
        </ListItem>
      </List>
    </div>
    <div
      key="Truffle"
    >
      <a
        className="overviewLink"
        href="http://localhost:3000"
      >
        <Icon
          as="i"
          name="chevron left"
        />
        <div>
          Coarse Overview
        </div>
      </a>
      <Divider />
      <h2>
        Truffle
      </h2>
      <List
        divided={true}
        relaxed={true}
        selection={true}
      >
        <ListItem
          active={false}
          key="0"
        >
          <ListIcon
            color="red"
            name="youtube"
            size="large"
            verticalAlign="middle"
          />
          <ListContent>
            <ListHeader
              as="a"
              href="http://localhost:3000/00-overview"
            >
              Intro
            </ListHeader>
          </ListContent>
        </ListItem>
        <ListItem
          active={false}
          key="1"
        >
          <ListIcon
            color="black"
            name="code"
            size="large"
            verticalAlign="middle"
          />
          <ListContent>
            <ListHeader
              as="a"
              href="http://localhost:3000/01-constructor"
            >
              Constructor
            </ListHeader>
            <ListDescription>
              Exercise
            </ListDescription>
          </ListContent>
        </ListItem>
      </List>
    </div>
  </div>
</div>
`;
