// Jest Snapshot v1, https://goo.gl/fbAQLP

exports[`it renders 1`] = `
<div
  className="component"
>
  <iframe
    allow="accelerometer; autoplay; encrypted-media; gyroscope; picture-in-picture"
    allowFullScreen={true}
    frameBorder="0"
    height="500"
    src="https://www.youtube.com/embed/Dh7r6Ze-0Bs?start=123&end=456"
    width="889"
  />
</div>
`;
