// Jest Snapshot v1, https://goo.gl/fbAQLP

exports[`it renders 1`] = `
<a
  href="/tutorials/learn-solidity"
>
  <Card
    style={
      Object {
        "height": 500,
        "width": 350,
      }
    }
  >
    <Image
      as="img"
      src="path/to/logo"
      ui={false}
      wrapped={true}
    />
    <CardContent>
      <CardHeader>
        <div
          className="title"
        >
          Learn Solidity
        </div>
      </CardHeader>
    </CardContent>
  </Card>
</a>
`;
