// Jest Snapshot v1, https://goo.gl/fbAQLP

exports[`it renders 1`] = `
<PageLayout>
  <SEO
    description="Learn how to program smart contracts."
    keywords={
      Array [
        "smart contract",
        "solidity",
        "ethereum",
      ]
    }
    lang="en"
    meta={Array []}
    title="Not Found | Smart Contract Programmer"
  />
  <div
    className="NotFound"
  >
    <h1
      className="header"
    >
      404
    </h1>
    <div
      className="subHeader"
    >
      Not Found
    </div>
  </div>
</PageLayout>
`;
