// Jest Snapshot v1, https://goo.gl/fbAQLP

exports[`it renders 1`] = `
<PostLayout
  date="2019-04-11"
  lang="en"
  title="Solidity by Example - Part 0 - Setting Up MetaMask"
>
  <p>
    This is the first post of a series from 
    <a
      href="https://solidity-by-example.org"
      rel="noopener noreferrer"
      target="__blank"
    >
      Solidity By Example
    </a>
    , where we learn how to program smart contracts using 
    <a
      href="https://solidity.readthedocs.io"
      rel="noopener noreferrer"
      target="__blank"
    >
      Solidity
    </a>
    .
  </p>
  <p>
    Interacting with smart contracts on the Ethereum blockchain costs Ether so we need a wallet. Let's install 
    <a
      href="https://metamask.io"
      rel="noopener noreferrer"
      target="__blank"
    >
      MetaMask
    </a>
    .
  </p>
  <h2
    id="setting-up-metamas"
  >
    Setting up MetaMas
  </h2>
  <hr />
  <p>
    First install 
    <a
      href="https://metamask.io"
      rel="noopener noreferrer"
      target="__blank"
    >
      MetaMask
    </a>
    . You should see something like this.
  </p>
  <p>
    <Image
      alt="welcome to metamask"
      src="1_welcome.png"
    />
  </p>
  <p>
    In the top right corner or your browser you should also see a fox icon.
  </p>
  <p>
    <Image
      alt="metamask icon"
      src="2_meta_mask_icon.png"
    />
  </p>
  <p>
    Click 
    <code>
      CREATE A WALLET
    </code>
     and then type your password.
  </p>
  <p>
    <Image
      alt="create a wallet"
      src="3_create_wallet.png"
    />
  </p>
  <p>
    <strong>
      Important
    </strong>
     Backup your secret words in a safe and secret place. Anyone with this secret words can steal your Ether.
  </p>
  <p>
    <Image
      alt="create a wallet"
      src="5_seed.png"
    />
  </p>
  <p>
    Congratulations! You have successfully setup MetaMask.
  </p>
  <p>
    <Image
      alt="account"
      src="7_account.png"
    />
  </p>
  <h2
    id="get-ether-from-test-network"
  >
    Get Ether from Test Network
  </h2>
  <hr />
  <p>
    Now let's get some free Ether available on the test network. Switch networks to 
    <em>
      Ropsten Test Network
    </em>
    .
  </p>
  <p>
    <Image
      alt="ropsten test net"
      src="8_ropsten.png"
    />
  </p>
  <p>
    Click 
    <code>
      DEPOSIT
    </code>
  </p>
  <p>
    <Image
      alt="deposit"
      src="9_deposit.png"
    />
  </p>
  <p>
    Next click 
    <code>
      GET ETHER
    </code>
  </p>
  <p>
    <Image
      alt="get ether"
      src="10_get_ether.png"
    />
  </p>
  <p>
    Click 
    <code>
      request 1 ether from faucet
    </code>
     and wait a few minutes. You should see a link to the transaction and your wallet should now have 1 Ether.
  </p>
  <p>
    <Image
      alt="faucet"
      src="12_faucet.png"
    />
  </p>
  <p>
    <Image
      alt="balance"
      src="13_balance.png"
    />
  </p>
  <h2
    id="recap"
  >
    Recap
  </h2>
  <hr />
  <p>
    <a
      href="https://metamask.io"
      rel="noopener noreferrer"
      target="__blank"
    >
      MetaMask
    </a>
     is an Ethereum wallet that will enable us to deploy and interact with smart contracts on the blockchain. 
    <br />
    We learned how to install 
    <a
      href="https://metamask.io"
      rel="noopener noreferrer"
      target="__blank"
    >
      MetaMask
    </a>
     and fund our wallet with some free Ether available on 
    <em>
      Ropsten
    </em>
     test network.
  </p>
</PostLayout>
`;
