// Jest Snapshot v1, https://goo.gl/fbAQLP

exports[`it renders 1`] = `
<PageLayout>
  <SEO
    description="Learn how to program smart contracts."
    keywords={
      Array [
        "smart contract",
        "solidity",
        "ethereum",
      ]
    }
    lang="en"
    meta={Array []}
    title="Build a Multi-Sig Wallet in Solidity | Smart Contract Programmer"
  />
  <Container>
    <div
      className="component"
    >
      <h1
        className="header"
      >
        Build a Multi-Sig Wallet in Solidity
      </h1>
      <div
        className="section"
      >
        <Logo />
        <div
          className="lessons"
        >
          <h2>
            Solidity Contract
          </h2>
          <List
            divided={true}
            relaxed={true}
            selection={true}
          >
            <ListItem
              key="0"
            >
              <ListIcon
                color="red"
                name="youtube"
                size="large"
                verticalAlign="middle"
              />
              <ListContent>
                <ListHeader
                  as="a"
                  href="/tutorials/solidity-multi-sig-wallet/overview"
                >
                  Overview
                </ListHeader>
              </ListContent>
            </ListItem>
            <ListItem
              key="1"
            >
              <ListIcon
                name="code"
                size="large"
                verticalAlign="middle"
              />
              <ListContent>
                <ListHeader
                  as="a"
                  href="/tutorials/solidity-multi-sig-wallet/00-constructor"
                >
                  Constructor
                </ListHeader>
                <ListDescription>
                  Exercise
                </ListDescription>
              </ListContent>
            </ListItem>
            <ListItem
              key="2"
            >
              <ListIcon
                name="code"
                size="large"
                verticalAlign="middle"
              />
              <ListContent>
                <ListHeader
                  as="a"
                  href="/tutorials/solidity-multi-sig-wallet/01-fallback"
                >
                  Fallback
                </ListHeader>
                <ListDescription>
                  Exercise
                </ListDescription>
              </ListContent>
            </ListItem>
            <ListItem
              key="3"
            >
              <ListIcon
                name="code"
                size="large"
                verticalAlign="middle"
              />
              <ListContent>
                <ListHeader
                  as="a"
                  href="/tutorials/solidity-multi-sig-wallet/02-submit-transaction"
                >
                  Submit Transaction
                </ListHeader>
                <ListDescription>
                  Exercise
                </ListDescription>
              </ListContent>
            </ListItem>
            <ListItem
              key="4"
            >
              <ListIcon
                name="code"
                size="large"
                verticalAlign="middle"
              />
              <ListContent>
                <ListHeader
                  as="a"
                  href="/tutorials/solidity-multi-sig-wallet/03-confirm-transaction"
                >
                  Confirm Transaction
                </ListHeader>
                <ListDescription>
                  Exercise
                </ListDescription>
              </ListContent>
            </ListItem>
            <ListItem
              key="5"
            >
              <ListIcon
                name="code"
                size="large"
                verticalAlign="middle"
              />
              <ListContent>
                <ListHeader
                  as="a"
                  href="/tutorials/solidity-multi-sig-wallet/04-execute-transaction"
                >
                  Execute Transaction
                </ListHeader>
                <ListDescription>
                  Exercise
                </ListDescription>
              </ListContent>
            </ListItem>
            <ListItem
              key="6"
            >
              <ListIcon
                name="code"
                size="large"
                verticalAlign="middle"
              />
              <ListContent>
                <ListHeader
                  as="a"
                  href="/tutorials/solidity-multi-sig-wallet/05-revoke-transaction"
                >
                  Revoke Transaction
                </ListHeader>
                <ListDescription>
                  Exercise
                </ListDescription>
              </ListContent>
            </ListItem>
            <ListItem
              key="7"
            >
              <ListIcon
                name="github"
                size="large"
                verticalAlign="middle"
              />
              <ListContent>
                <ListHeader
                  as="a"
                  href="https://github.com/t4sk/solidity-multi-sig-wallet"
                  target="__blank"
                >
                  Code
                </ListHeader>
              </ListContent>
            </ListItem>
          </List>
        </div>
      </div>
    </div>
  </Container>
</PageLayout>
`;
