// Jest Snapshot v1, https://goo.gl/fbAQLP

exports[`it renders 1`] = `
<div
  className="App"
>
  <Header />
  <Container
    as="div"
    fluid={false}
  >
    <BrowserRouter
      basename=""
    >
      <Switch>
        <Route
          component={[Function]}
          path="/about"
        />
        <Route
          component={[Function]}
        />
      </Switch>
    </BrowserRouter>
  </Container>
  <Fotter />
</div>
`;
