// Jest Snapshot v1, https://goo.gl/fbAQLP

exports[`it renders 1`] = `
<BrowserRouter
  basename=""
>
  <Switch>
    <Route
      component={[Function]}
      exact={true}
      key="0"
      path="/en/blog/2019-04-11"
    />
    <Route
      component={[Function]}
      exact={true}
      key="1"
      path="/jp/blog/2019-04-11"
    />
    <Route
      exact={true}
      path="/en/blog"
      render={[Function]}
    />
    <Route
      exact={true}
      path="/jp/blog"
      render={[Function]}
    />
    <Route
      exact={true}
      path="/en/about"
      render={[Function]}
    />
    <Route
      exact={true}
      path="/jp/about"
      render={[Function]}
    />
    <Route
      exact={true}
      path="/en"
      render={[Function]}
    />
    <Route
      exact={true}
      path="/jp"
      render={[Function]}
    />
    <Redirect
      exact={true}
      from="/"
      to="/en"
    />
    <Route
      component={[Function]}
    />
  </Switch>
</BrowserRouter>
`;
