// Jest Snapshot v1, https://goo.gl/fbAQLP

exports[`it renders 1`] = `
<BrowserRouter
  basename=""
>
  <Switch>
    <Route
      component={[Function]}
      path="/languages"
    />
    <Route
      component={[Function]}
      path="/en/about"
    />
    <Route
      component={[Function]}
      path="/jp/about"
    />
    <Route
      component={[Function]}
      path="/en"
    />
    <Route
      component={[Function]}
      path="/jp"
    />
    <Redirect
      to="/en"
    />
  </Switch>
</BrowserRouter>
`;
